    Finished `release` profile [optimized] target(s) in 0.02s
== pyroxide gauss nuts (warmup 1000, samples 1000)
{"lib": "pyroxide", "model": "gauss", "algo": "nuts", "warmup": 1000, "samples": 1000, "chains": 1, "seed": 0, "time_s": 0.0448, "ess_min": 833.1, "ess_mean": 1325.9, "ess_min_per_s": 18577.6, "max_rhat": 1.0033, "num_divergences": 0, "leapfrog_steps": 7000, "mean_accept_prob": 0.847}
{"lib": "pyroxide", "model": "gauss", "algo": "nuts", "warmup": 1000, "samples": 1000, "chains": 1, "seed": 1, "time_s": 0.0474, "ess_min": 747.4, "ess_mean": 1119.6, "ess_min_per_s": 15754.1, "max_rhat": 1.0030, "num_divergences": 0, "leapfrog_steps": 16440, "mean_accept_prob": 0.861}
{"lib": "pyroxide", "model": "gauss", "algo": "nuts", "warmup": 1000, "samples": 1000, "chains": 1, "seed": 2, "time_s": 0.0307, "ess_min": 1152.8, "ess_mean": 1682.6, "ess_min_per_s": 37520.3, "max_rhat": 1.0036, "num_divergences": 0, "leapfrog_steps": 7000, "mean_accept_prob": 0.797}
== numpyro gauss nuts
{"lib": "numpyro", "model": "gauss", "algo": "nuts", "warmup": 1000, "samples": 1000, "chains": 1, "seed": 0, "time_s": 1.5318, "time_s_cached": 0.462, "ess_min": 891.6, "ess_mean": 1276.8, "ess_min_per_s": 582.1, "ess_min_per_s_cached": 1929.8, "max_rhat": 1.0052, "num_divergences": 0, "leapfrog_steps": 7000, "mean_accept_prob": 0.843}
{"lib": "numpyro", "model": "gauss", "algo": "nuts", "warmup": 1000, "samples": 1000, "chains": 1, "seed": 1, "time_s": 0.4746, "time_s_cached": 0.4699, "ess_min": 799.7, "ess_mean": 1201.8, "ess_min_per_s": 1684.8, "ess_min_per_s_cached": 1701.9, "max_rhat": 1.0042, "num_divergences": 0, "leapfrog_steps": 7000, "mean_accept_prob": 0.844}
{"lib": "numpyro", "model": "gauss", "algo": "nuts", "warmup": 1000, "samples": 1000, "chains": 1, "seed": 2, "time_s": 0.47, "time_s_cached": 0.4854, "ess_min": 1046.6, "ess_mean": 1448.4, "ess_min_per_s": 2226.7, "ess_min_per_s_cached": 2156.1, "max_rhat": 1.0061, "num_divergences": 0, "leapfrog_steps": 14960, "mean_accept_prob": 0.87}
== pyroxide eight_schools nuts (warmup 1000, samples 1000)
{"lib": "pyroxide", "model": "eight_schools", "algo": "nuts", "warmup": 1000, "samples": 1000, "chains": 1, "seed": 0, "time_s": 0.0176, "ess_min": 746.7, "ess_mean": 1253.6, "ess_min_per_s": 42454.4, "max_rhat": 1.0009, "num_divergences": 0, "leapfrog_steps": 6892, "mean_accept_prob": 0.850}
{"lib": "pyroxide", "model": "eight_schools", "algo": "nuts", "warmup": 1000, "samples": 1000, "chains": 1, "seed": 1, "time_s": 0.0160, "ess_min": 762.3, "ess_mean": 1120.9, "ess_min_per_s": 47511.3, "max_rhat": 1.0019, "num_divergences": 1, "leapfrog_steps": 6820, "mean_accept_prob": 0.830}
{"lib": "pyroxide", "model": "eight_schools", "algo": "nuts", "warmup": 1000, "samples": 1000, "chains": 1, "seed": 2, "time_s": 0.0157, "ess_min": 589.9, "ess_mean": 1027.9, "ess_min_per_s": 37565.7, "max_rhat": 1.0032, "num_divergences": 0, "leapfrog_steps": 6948, "mean_accept_prob": 0.858}
== numpyro eight_schools nuts
{"lib": "numpyro", "model": "eight_schools", "algo": "nuts", "warmup": 1000, "samples": 1000, "chains": 1, "seed": 0, "time_s": 2.0601, "time_s_cached": 0.6207, "ess_min": 806.6, "ess_mean": 1014.8, "ess_min_per_s": 391.5, "ess_min_per_s_cached": 1299.6, "max_rhat": 1.0054, "num_divergences": 0, "leapfrog_steps": 7698, "mean_accept_prob": 0.882}
{"lib": "numpyro", "model": "eight_schools", "algo": "nuts", "warmup": 1000, "samples": 1000, "chains": 1, "seed": 1, "time_s": 0.602, "time_s_cached": 0.6168, "ess_min": 632.6, "ess_mean": 1042.0, "ess_min_per_s": 1050.7, "ess_min_per_s_cached": 1025.6, "max_rhat": 1.0036, "num_divergences": 0, "leapfrog_steps": 7440, "mean_accept_prob": 0.875}
{"lib": "numpyro", "model": "eight_schools", "algo": "nuts", "warmup": 1000, "samples": 1000, "chains": 1, "seed": 2, "time_s": 0.6271, "time_s_cached": 0.6198, "ess_min": 609.1, "ess_mean": 877.0, "ess_min_per_s": 971.3, "ess_min_per_s_cached": 982.6, "max_rhat": 1.0025, "num_divergences": 0, "leapfrog_steps": 9240, "mean_accept_prob": 0.851}
== pyroxide funnel nuts (warmup 1000, samples 1000)
{"lib": "pyroxide", "model": "funnel", "algo": "nuts", "warmup": 1000, "samples": 1000, "chains": 1, "seed": 0, "time_s": 0.0084, "ess_min": 538.6, "ess_mean": 1483.9, "ess_min_per_s": 63867.9, "max_rhat": 1.0067, "num_divergences": 0, "leapfrog_steps": 6828, "mean_accept_prob": 0.912}
{"lib": "pyroxide", "model": "funnel", "algo": "nuts", "warmup": 1000, "samples": 1000, "chains": 1, "seed": 1, "time_s": 0.0079, "ess_min": 802.1, "ess_mean": 1543.8, "ess_min_per_s": 102141.8, "max_rhat": 1.0027, "num_divergences": 0, "leapfrog_steps": 6744, "mean_accept_prob": 0.903}
{"lib": "pyroxide", "model": "funnel", "algo": "nuts", "warmup": 1000, "samples": 1000, "chains": 1, "seed": 2, "time_s": 0.0076, "ess_min": 523.1, "ess_mean": 1289.8, "ess_min_per_s": 69066.2, "max_rhat": 1.0056, "num_divergences": 0, "leapfrog_steps": 6384, "mean_accept_prob": 0.876}
== numpyro funnel nuts
{"lib": "numpyro", "model": "funnel", "algo": "nuts", "warmup": 1000, "samples": 1000, "chains": 1, "seed": 0, "time_s": 1.7831, "time_s_cached": 0.5505, "ess_min": 442.8, "ess_mean": 1282.5, "ess_min_per_s": 248.3, "ess_min_per_s_cached": 804.4, "max_rhat": 1.0053, "num_divergences": 0, "leapfrog_steps": 6316, "mean_accept_prob": 0.874}
{"lib": "numpyro", "model": "funnel", "algo": "nuts", "warmup": 1000, "samples": 1000, "chains": 1, "seed": 1, "time_s": 0.5352, "time_s_cached": 0.5265, "ess_min": 682.4, "ess_mean": 1472.3, "ess_min_per_s": 1274.9, "ess_min_per_s_cached": 1296.1, "max_rhat": 1.0006, "num_divergences": 0, "leapfrog_steps": 6684, "mean_accept_prob": 0.894}
{"lib": "numpyro", "model": "funnel", "algo": "nuts", "warmup": 1000, "samples": 1000, "chains": 1, "seed": 2, "time_s": 0.5287, "time_s_cached": 0.5306, "ess_min": 386.2, "ess_mean": 1283.4, "ess_min_per_s": 730.5, "ess_min_per_s_cached": 727.9, "max_rhat": 1.0052, "num_divergences": 0, "leapfrog_steps": 6568, "mean_accept_prob": 0.886}
== pyroxide baseball nuts (warmup 1000, samples 1000)
{"lib": "pyroxide", "model": "baseball", "algo": "nuts", "warmup": 1000, "samples": 1000, "chains": 1, "seed": 0, "time_s": 0.0349, "ess_min": 6.8, "ess_mean": 233.6, "ess_min_per_s": 196.1, "max_rhat": 1.5634, "num_divergences": 214, "leapfrog_steps": 8341, "mean_accept_prob": 0.462}
{"lib": "pyroxide", "model": "baseball", "algo": "nuts", "warmup": 1000, "samples": 1000, "chains": 1, "seed": 1, "time_s": 0.0610, "ess_min": 50.9, "ess_mean": 296.7, "ess_min_per_s": 834.1, "max_rhat": 1.0114, "num_divergences": 1, "leapfrog_steps": 22732, "mean_accept_prob": 0.922}
{"lib": "pyroxide", "model": "baseball", "algo": "nuts", "warmup": 1000, "samples": 1000, "chains": 1, "seed": 2, "time_s": 0.0447, "ess_min": 69.5, "ess_mean": 547.6, "ess_min_per_s": 1555.0, "max_rhat": 1.0050, "num_divergences": 2, "leapfrog_steps": 13291, "mean_accept_prob": 0.838}
== numpyro baseball nuts
{"lib": "numpyro", "model": "baseball", "algo": "nuts", "warmup": 1000, "samples": 1000, "chains": 1, "seed": 0, "time_s": 2.6016, "time_s_cached": 0.7082, "ess_min": 65.0, "ess_mean": 383.2, "ess_min_per_s": 25.0, "ess_min_per_s_cached": 91.8, "max_rhat": 1.0023, "num_divergences": 14, "leapfrog_steps": 11300, "mean_accept_prob": 0.749}
{"lib": "numpyro", "model": "baseball", "algo": "nuts", "warmup": 1000, "samples": 1000, "chains": 1, "seed": 1, "time_s": 1.2074, "time_s_cached": 1.1866, "ess_min": 80.3, "ess_mean": 441.9, "ess_min_per_s": 66.5, "ess_min_per_s_cached": 67.7, "max_rhat": 1.0014, "num_divergences": 0, "leapfrog_steps": 124248, "mean_accept_prob": 0.997}
{"lib": "numpyro", "model": "baseball", "algo": "nuts", "warmup": 1000, "samples": 1000, "chains": 1, "seed": 2, "time_s": 0.7212, "time_s_cached": 0.6948, "ess_min": 27.7, "ess_mean": 268.2, "ess_min_per_s": 38.4, "ess_min_per_s_cached": 39.9, "max_rhat": 1.0424, "num_divergences": 33, "leapfrog_steps": 12289, "mean_accept_prob": 0.785}
== pyroxide logreg nuts (warmup 1000, samples 1000)
{"lib": "pyroxide", "model": "logreg", "algo": "nuts", "warmup": 1000, "samples": 1000, "chains": 1, "seed": 0, "time_s": 0.4232, "ess_min": 271.2, "ess_mean": 368.7, "ess_min_per_s": 640.8, "max_rhat": 1.0002, "num_divergences": 0, "leapfrog_steps": 7644, "mean_accept_prob": 0.904}
{"lib": "pyroxide", "model": "logreg", "algo": "nuts", "warmup": 1000, "samples": 1000, "chains": 1, "seed": 1, "time_s": 0.4121, "ess_min": 420.5, "ess_mean": 505.9, "ess_min_per_s": 1020.5, "max_rhat": 1.0018, "num_divergences": 0, "leapfrog_steps": 7624, "mean_accept_prob": 0.908}
{"lib": "pyroxide", "model": "logreg", "algo": "nuts", "warmup": 1000, "samples": 1000, "chains": 1, "seed": 2, "time_s": 0.4511, "ess_min": 290.7, "ess_mean": 388.4, "ess_min_per_s": 644.4, "max_rhat": 1.0011, "num_divergences": 0, "leapfrog_steps": 8228, "mean_accept_prob": 0.935}
== numpyro logreg nuts
{"lib": "numpyro", "model": "logreg", "algo": "nuts", "warmup": 1000, "samples": 1000, "chains": 1, "seed": 0, "time_s": 1.873, "time_s_cached": 0.622, "ess_min": 246.2, "ess_mean": 347.8, "ess_min_per_s": 131.4, "ess_min_per_s_cached": 395.8, "max_rhat": 1.0003, "num_divergences": 0, "leapfrog_steps": 7836, "mean_accept_prob": 0.92}
{"lib": "numpyro", "model": "logreg", "algo": "nuts", "warmup": 1000, "samples": 1000, "chains": 1, "seed": 1, "time_s": 0.6403, "time_s_cached": 0.6164, "ess_min": 261.9, "ess_mean": 372.5, "ess_min_per_s": 409.0, "ess_min_per_s_cached": 424.8, "max_rhat": 1.0084, "num_divergences": 0, "leapfrog_steps": 7764, "mean_accept_prob": 0.917}
{"lib": "numpyro", "model": "logreg", "algo": "nuts", "warmup": 1000, "samples": 1000, "chains": 1, "seed": 2, "time_s": 0.627, "time_s_cached": 0.6258, "ess_min": 185.6, "ess_mean": 273.2, "ess_min_per_s": 296.1, "ess_min_per_s_cached": 296.7, "max_rhat": 1.0107, "num_divergences": 0, "leapfrog_steps": 8072, "mean_accept_prob": 0.928}
== pyroxide hier nuts (warmup 1000, samples 1000)
{"lib": "pyroxide", "model": "hier", "algo": "nuts", "warmup": 1000, "samples": 1000, "chains": 1, "seed": 0, "time_s": 1.0939, "ess_min": 1034.2, "ess_mean": 1442.2, "ess_min_per_s": 945.4, "max_rhat": 1.0041, "num_divergences": 0, "leapfrog_steps": 13904, "mean_accept_prob": 0.873}
{"lib": "pyroxide", "model": "hier", "algo": "nuts", "warmup": 1000, "samples": 1000, "chains": 1, "seed": 1, "time_s": 0.8044, "ess_min": 758.0, "ess_mean": 1229.1, "ess_min_per_s": 942.3, "max_rhat": 1.0061, "num_divergences": 0, "leapfrog_steps": 7112, "mean_accept_prob": 0.838}
{"lib": "pyroxide", "model": "hier", "algo": "nuts", "warmup": 1000, "samples": 1000, "chains": 1, "seed": 2, "time_s": 0.8111, "ess_min": 710.0, "ess_mean": 1217.9, "ess_min_per_s": 875.4, "max_rhat": 1.0058, "num_divergences": 0, "leapfrog_steps": 7432, "mean_accept_prob": 0.842}
== numpyro hier nuts
{"lib": "numpyro", "model": "hier", "algo": "nuts", "warmup": 1000, "samples": 1000, "chains": 1, "seed": 0, "time_s": 3.1779, "time_s_cached": 1.157, "ess_min": 682.8, "ess_mean": 1102.3, "ess_min_per_s": 214.9, "ess_min_per_s_cached": 590.1, "max_rhat": 1.0045, "num_divergences": 0, "leapfrog_steps": 16424, "mean_accept_prob": 0.858}
{"lib": "numpyro", "model": "hier", "algo": "nuts", "warmup": 1000, "samples": 1000, "chains": 1, "seed": 1, "time_s": 1.0582, "time_s_cached": 1.0585, "ess_min": 836.2, "ess_mean": 1110.3, "ess_min_per_s": 790.2, "ess_min_per_s_cached": 790.0, "max_rhat": 1.0054, "num_divergences": 0, "leapfrog_steps": 8000, "mean_accept_prob": 0.838}
{"lib": "numpyro", "model": "hier", "algo": "nuts", "warmup": 1000, "samples": 1000, "chains": 1, "seed": 2, "time_s": 1.2074, "time_s_cached": 1.2314, "ess_min": 786.4, "ess_mean": 1134.7, "ess_min_per_s": 651.3, "ess_min_per_s_cached": 638.6, "max_rhat": 1.0054, "num_divergences": 0, "leapfrog_steps": 18840, "mean_accept_prob": 0.857}
== pyroxide gauss hmc (warmup 1000, samples 1000)
{"lib": "pyroxide", "model": "gauss", "algo": "hmc", "warmup": 1000, "samples": 1000, "chains": 1, "seed": 0, "time_s": 0.0332, "ess_min": 3.4, "ess_mean": 600.7, "ess_min_per_s": 103.6, "max_rhat": 2.0896, "num_divergences": 0, "leapfrog_steps": 14000, "mean_accept_prob": 0.892}
{"lib": "pyroxide", "model": "gauss", "algo": "hmc", "warmup": 1000, "samples": 1000, "chains": 1, "seed": 1, "time_s": 0.0302, "ess_min": 3.4, "ess_mean": 1466.6, "ess_min_per_s": 112.4, "max_rhat": 2.2830, "num_divergences": 0, "leapfrog_steps": 13000, "mean_accept_prob": 0.907}
{"lib": "pyroxide", "model": "gauss", "algo": "hmc", "warmup": 1000, "samples": 1000, "chains": 1, "seed": 2, "time_s": 0.0335, "ess_min": -63777.5, "ess_mean": -640.6, "ess_min_per_s": -1905688.1, "max_rhat": 2.6254, "num_divergences": 0, "leapfrog_steps": 13000, "mean_accept_prob": 0.899}
== numpyro gauss hmc
{"lib": "numpyro", "model": "gauss", "algo": "hmc", "warmup": 1000, "samples": 1000, "chains": 1, "seed": 0, "time_s": 1.2669, "time_s_cached": 0.2486, "ess_min": 3.0, "ess_mean": 549.5, "ess_min_per_s": 2.3, "ess_min_per_s_cached": 11.9, "max_rhat": 3.3698, "num_divergences": 0, "leapfrog_steps": 12000, "mean_accept_prob": 0.86}
{"lib": "numpyro", "model": "gauss", "algo": "hmc", "warmup": 1000, "samples": 1000, "chains": 1, "seed": 1, "time_s": 0.2663, "time_s_cached": 0.274, "ess_min": 3.3, "ess_mean": 613.7, "ess_min_per_s": 12.3, "ess_min_per_s_cached": 11.9, "max_rhat": 2.2596, "num_divergences": 0, "leapfrog_steps": 14000, "mean_accept_prob": 0.915}
{"lib": "numpyro", "model": "gauss", "algo": "hmc", "warmup": 1000, "samples": 1000, "chains": 1, "seed": 2, "time_s": 0.2942, "time_s_cached": 0.2745, "ess_min": -13292.0, "ess_mean": 201.0, "ess_min_per_s": -45176.4, "ess_min_per_s_cached": -48415.3, "max_rhat": 2.4383, "num_divergences": 0, "leapfrog_steps": 17000, "mean_accept_prob": 0.917}
== pyroxide eight_schools hmc (warmup 1000, samples 1000)
{"lib": "pyroxide", "model": "eight_schools", "algo": "hmc", "warmup": 1000, "samples": 1000, "chains": 1, "seed": 0, "time_s": 0.0364, "ess_min": 10.4, "ess_mean": 120.8, "ess_min_per_s": 284.7, "max_rhat": 1.1149, "num_divergences": 0, "leapfrog_steps": 23000, "mean_accept_prob": 0.965}
{"lib": "pyroxide", "model": "eight_schools", "algo": "hmc", "warmup": 1000, "samples": 1000, "chains": 1, "seed": 1, "time_s": 0.0381, "ess_min": 17.0, "ess_mean": 119.8, "ess_min_per_s": 446.9, "max_rhat": 1.0222, "num_divergences": 0, "leapfrog_steps": 25000, "mean_accept_prob": 0.953}
{"lib": "pyroxide", "model": "eight_schools", "algo": "hmc", "warmup": 1000, "samples": 1000, "chains": 1, "seed": 2, "time_s": 0.0358, "ess_min": 28.1, "ess_mean": 149.0, "ess_min_per_s": 785.9, "max_rhat": 1.0277, "num_divergences": 0, "leapfrog_steps": 21000, "mean_accept_prob": 0.940}
== numpyro eight_schools hmc
{"lib": "numpyro", "model": "eight_schools", "algo": "hmc", "warmup": 1000, "samples": 1000, "chains": 1, "seed": 0, "time_s": 1.6745, "time_s_cached": 0.3174, "ess_min": 29.1, "ess_mean": 224.6, "ess_min_per_s": 17.4, "ess_min_per_s_cached": 91.8, "max_rhat": 1.0397, "num_divergences": 0, "leapfrog_steps": 19000, "mean_accept_prob": 0.917}
{"lib": "numpyro", "model": "eight_schools", "algo": "hmc", "warmup": 1000, "samples": 1000, "chains": 1, "seed": 1, "time_s": 0.324, "time_s_cached": 0.3125, "ess_min": 38.0, "ess_mean": 119.3, "ess_min_per_s": 117.3, "ess_min_per_s_cached": 121.6, "max_rhat": 1.0332, "num_divergences": 0, "leapfrog_steps": 23000, "mean_accept_prob": 0.94}
{"lib": "numpyro", "model": "eight_schools", "algo": "hmc", "warmup": 1000, "samples": 1000, "chains": 1, "seed": 2, "time_s": 0.3133, "time_s_cached": 0.3105, "ess_min": 21.6, "ess_mean": 102.1, "ess_min_per_s": 69.1, "ess_min_per_s_cached": 69.7, "max_rhat": 1.0908, "num_divergences": 0, "leapfrog_steps": 17000, "mean_accept_prob": 0.878}
== pyroxide funnel hmc (warmup 1000, samples 1000)
{"lib": "pyroxide", "model": "funnel", "algo": "hmc", "warmup": 1000, "samples": 1000, "chains": 1, "seed": 0, "time_s": 0.0093, "ess_min": 5.1, "ess_mean": 199.9, "ess_min_per_s": 543.0, "max_rhat": 1.6655, "num_divergences": 0, "leapfrog_steps": 9000, "mean_accept_prob": 0.897}
{"lib": "pyroxide", "model": "funnel", "algo": "hmc", "warmup": 1000, "samples": 1000, "chains": 1, "seed": 1, "time_s": 0.0078, "ess_min": 3.2, "ess_mean": 60.1, "ess_min_per_s": 416.4, "max_rhat": 2.1264, "num_divergences": 0, "leapfrog_steps": 9000, "mean_accept_prob": 0.951}
{"lib": "pyroxide", "model": "funnel", "algo": "hmc", "warmup": 1000, "samples": 1000, "chains": 1, "seed": 2, "time_s": 0.0076, "ess_min": 6.6, "ess_mean": 386.4, "ess_min_per_s": 864.9, "max_rhat": 1.3176, "num_divergences": 0, "leapfrog_steps": 8000, "mean_accept_prob": 0.920}
== numpyro funnel hmc
{"lib": "numpyro", "model": "funnel", "algo": "hmc", "warmup": 1000, "samples": 1000, "chains": 1, "seed": 0, "time_s": 1.3837, "time_s_cached": 0.2654, "ess_min": 7.5, "ess_mean": 287.0, "ess_min_per_s": 5.4, "ess_min_per_s_cached": 28.3, "max_rhat": 1.3455, "num_divergences": 0, "leapfrog_steps": 8000, "mean_accept_prob": 0.919}
{"lib": "numpyro", "model": "funnel", "algo": "hmc", "warmup": 1000, "samples": 1000, "chains": 1, "seed": 1, "time_s": 0.2672, "time_s_cached": 0.3007, "ess_min": 5.9, "ess_mean": 432.7, "ess_min_per_s": 22.0, "ess_min_per_s_cached": 19.6, "max_rhat": 1.6028, "num_divergences": 0, "leapfrog_steps": 10000, "mean_accept_prob": 0.904}
{"lib": "numpyro", "model": "funnel", "algo": "hmc", "warmup": 1000, "samples": 1000, "chains": 1, "seed": 2, "time_s": 0.2646, "time_s_cached": 0.2657, "ess_min": 5.2, "ess_mean": 864.3, "ess_min_per_s": 19.7, "ess_min_per_s_cached": 19.6, "max_rhat": 1.4038, "num_divergences": 0, "leapfrog_steps": 9000, "mean_accept_prob": 0.923}
== pyroxide baseball hmc (warmup 1000, samples 1000)
{"lib": "pyroxide", "model": "baseball", "algo": "hmc", "warmup": 1000, "samples": 1000, "chains": 1, "seed": 0, "time_s": 0.1377, "ess_min": -5061.5, "ess_mean": -38.3, "ess_min_per_s": -36745.8, "max_rhat": 1.0196, "num_divergences": 3, "leapfrog_steps": 57000, "mean_accept_prob": 0.930}
{"lib": "pyroxide", "model": "baseball", "algo": "hmc", "warmup": 1000, "samples": 1000, "chains": 1, "seed": 1, "time_s": 0.1458, "ess_min": 26.8, "ess_mean": 358.8, "ess_min_per_s": 183.7, "max_rhat": 1.0261, "num_divergences": 3, "leapfrog_steps": 35000, "mean_accept_prob": 0.905}
{"lib": "pyroxide", "model": "baseball", "algo": "hmc", "warmup": 1000, "samples": 1000, "chains": 1, "seed": 2, "time_s": 0.1187, "ess_min": 30.5, "ess_mean": 304.7, "ess_min_per_s": 257.2, "max_rhat": 1.2158, "num_divergences": 6, "leapfrog_steps": 41000, "mean_accept_prob": 0.870}
== numpyro baseball hmc
{"lib": "numpyro", "model": "baseball", "algo": "hmc", "warmup": 1000, "samples": 1000, "chains": 1, "seed": 0, "time_s": 2.1337, "time_s_cached": 0.3893, "ess_min": 42.9, "ess_mean": 534.7, "ess_min_per_s": 20.1, "ess_min_per_s_cached": 110.1, "max_rhat": 1.1346, "num_divergences": 1, "leapfrog_steps": 37000, "mean_accept_prob": 0.915}
{"lib": "numpyro", "model": "baseball", "algo": "hmc", "warmup": 1000, "samples": 1000, "chains": 1, "seed": 1, "time_s": 0.3869, "time_s_cached": 0.3779, "ess_min": 40.4, "ess_mean": 321.4, "ess_min_per_s": 104.6, "ess_min_per_s_cached": 107.0, "max_rhat": 1.0414, "num_divergences": 7, "leapfrog_steps": 28000, "mean_accept_prob": 0.787}
{"lib": "numpyro", "model": "baseball", "algo": "hmc", "warmup": 1000, "samples": 1000, "chains": 1, "seed": 2, "time_s": 0.3663, "time_s_cached": 0.3858, "ess_min": 10.0, "ess_mean": 241.8, "ess_min_per_s": 27.4, "ess_min_per_s_cached": 26.0, "max_rhat": 1.3118, "num_divergences": 6, "leapfrog_steps": 26000, "mean_accept_prob": 0.709}
== pyroxide logreg hmc (warmup 1000, samples 1000)
{"lib": "pyroxide", "model": "logreg", "algo": "hmc", "warmup": 1000, "samples": 1000, "chains": 1, "seed": 0, "time_s": 1.0688, "ess_min": 2060.6, "ess_mean": 2862.2, "ess_min_per_s": 1927.9, "max_rhat": 0.9995, "num_divergences": 0, "leapfrog_steps": 18000, "mean_accept_prob": 0.939}
{"lib": "pyroxide", "model": "logreg", "algo": "hmc", "warmup": 1000, "samples": 1000, "chains": 1, "seed": 1, "time_s": 0.9990, "ess_min": 1101.1, "ess_mean": 3059.3, "ess_min_per_s": 1102.3, "max_rhat": 0.9996, "num_divergences": 0, "leapfrog_steps": 16000, "mean_accept_prob": 0.945}
{"lib": "pyroxide", "model": "logreg", "algo": "hmc", "warmup": 1000, "samples": 1000, "chains": 1, "seed": 2, "time_s": 1.1484, "ess_min": 190.4, "ess_mean": 2148.7, "ess_min_per_s": 165.8, "max_rhat": 0.9994, "num_divergences": 0, "leapfrog_steps": 17000, "mean_accept_prob": 0.936}
== numpyro logreg hmc
{"lib": "numpyro", "model": "logreg", "algo": "hmc", "warmup": 1000, "samples": 1000, "chains": 1, "seed": 0, "time_s": 1.771, "time_s_cached": 0.59, "ess_min": 15.6, "ess_mean": 269.9, "ess_min_per_s": 8.8, "ess_min_per_s_cached": 26.4, "max_rhat": 1.3471, "num_divergences": 0, "leapfrog_steps": 14000, "mean_accept_prob": 0.962}
{"lib": "numpyro", "model": "logreg", "algo": "hmc", "warmup": 1000, "samples": 1000, "chains": 1, "seed": 1, "time_s": 0.6142, "time_s_cached": 0.6403, "ess_min": 18.7, "ess_mean": 565.1, "ess_min_per_s": 30.5, "ess_min_per_s_cached": 29.3, "max_rhat": 1.1716, "num_divergences": 0, "leapfrog_steps": 14000, "mean_accept_prob": 0.934}
{"lib": "numpyro", "model": "logreg", "algo": "hmc", "warmup": 1000, "samples": 1000, "chains": 1, "seed": 2, "time_s": 0.6549, "time_s_cached": 0.6528, "ess_min": 891.9, "ess_mean": 2357.6, "ess_min_per_s": 1361.8, "ess_min_per_s_cached": 1366.2, "max_rhat": 1.0, "num_divergences": 0, "leapfrog_steps": 16000, "mean_accept_prob": 0.923}
== pyroxide hier hmc (warmup 1000, samples 1000)
{"lib": "pyroxide", "model": "hier", "algo": "hmc", "warmup": 1000, "samples": 1000, "chains": 1, "seed": 0, "time_s": 3.8756, "ess_min": 3.1, "ess_mean": 966.9, "ess_min_per_s": 0.8, "max_rhat": 2.4173, "num_divergences": 0, "leapfrog_steps": 16000, "mean_accept_prob": 0.915}
{"lib": "pyroxide", "model": "hier", "algo": "hmc", "warmup": 1000, "samples": 1000, "chains": 1, "seed": 1, "time_s": 7.6668, "ess_min": 3.4, "ess_mean": 313.1, "ess_min_per_s": 0.4, "max_rhat": 2.5869, "num_divergences": 0, "leapfrog_steps": 14000, "mean_accept_prob": 0.874}
{"lib": "pyroxide", "model": "hier", "algo": "hmc", "warmup": 1000, "samples": 1000, "chains": 1, "seed": 2, "time_s": 6.9392, "ess_min": 4.1, "ess_mean": 734.4, "ess_min_per_s": 0.6, "max_rhat": 2.0595, "num_divergences": 0, "leapfrog_steps": 15000, "mean_accept_prob": 0.895}
== numpyro hier hmc
{"lib": "numpyro", "model": "hier", "algo": "hmc", "warmup": 1000, "samples": 1000, "chains": 1, "seed": 0, "time_s": 3.0601, "time_s_cached": 1.2173, "ess_min": 3.4, "ess_mean": 294.5, "ess_min_per_s": 1.1, "ess_min_per_s_cached": 2.8, "max_rhat": 2.1057, "num_divergences": 0, "leapfrog_steps": 13000, "mean_accept_prob": 0.846}
{"lib": "numpyro", "model": "hier", "algo": "hmc", "warmup": 1000, "samples": 1000, "chains": 1, "seed": 1, "time_s": 1.2173, "time_s_cached": 1.1816, "ess_min": 3.4, "ess_mean": 208.5, "ess_min_per_s": 2.8, "ess_min_per_s_cached": 2.8, "max_rhat": 2.53, "num_divergences": 0, "leapfrog_steps": 14000, "mean_accept_prob": 0.878}
{"lib": "numpyro", "model": "hier", "algo": "hmc", "warmup": 1000, "samples": 1000, "chains": 1, "seed": 2, "time_s": 1.1872, "time_s_cached": 1.1941, "ess_min": 3.9, "ess_mean": 485.8, "ess_min_per_s": 3.2, "ess_min_per_s_cached": 3.2, "max_rhat": 2.2167, "num_divergences": 0, "leapfrog_steps": 14000, "mean_accept_prob": 0.886}
== pyroxide gauss mh (warmup 10000, samples 20000)
{"lib": "pyroxide", "model": "gauss", "algo": "mh", "warmup": 10000, "samples": 20000, "chains": 1, "seed": 0, "time_s": 0.0786, "ess_min": 4.5, "ess_mean": 46.4, "ess_min_per_s": 57.0, "max_rhat": 1.7983, "num_divergences": 0, "leapfrog_steps": 0, "mean_accept_prob": 0.163}
{"lib": "pyroxide", "model": "gauss", "algo": "mh", "warmup": 10000, "samples": 20000, "chains": 1, "seed": 1, "time_s": 0.0786, "ess_min": 5.3, "ess_mean": 33.2, "ess_min_per_s": 67.9, "max_rhat": 1.5893, "num_divergences": 0, "leapfrog_steps": 0, "mean_accept_prob": 0.144}
{"lib": "pyroxide", "model": "gauss", "algo": "mh", "warmup": 10000, "samples": 20000, "chains": 1, "seed": 2, "time_s": 0.0779, "ess_min": 6.4, "ess_mean": 44.4, "ess_min_per_s": 81.7, "max_rhat": 1.4712, "num_divergences": 0, "leapfrog_steps": 0, "mean_accept_prob": 0.170}
== numpyro gauss mh
{"lib": "numpyro", "model": "gauss", "algo": "mh", "warmup": 10000, "samples": 20000, "chains": 1, "seed": 0, "time_s": 2.109, "time_s_cached": 1.2369, "ess_min": 4.9, "ess_mean": 55.3, "ess_min_per_s": 2.3, "ess_min_per_s_cached": 4.0, "max_rhat": 1.6147, "num_divergences": 0, "leapfrog_steps": 0, "mean_accept_prob": 0.225}
{"lib": "numpyro", "model": "gauss", "algo": "mh", "warmup": 10000, "samples": 20000, "chains": 1, "seed": 1, "time_s": 1.2676, "time_s_cached": 1.2566, "ess_min": 11.1, "ess_mean": 51.6, "ess_min_per_s": 8.8, "ess_min_per_s_cached": 8.8, "max_rhat": 1.2483, "num_divergences": 0, "leapfrog_steps": 0, "mean_accept_prob": 0.227}
{"lib": "numpyro", "model": "gauss", "algo": "mh", "warmup": 10000, "samples": 20000, "chains": 1, "seed": 2, "time_s": 1.2405, "time_s_cached": 1.2391, "ess_min": 6.6, "ess_mean": 68.9, "ess_min_per_s": 5.3, "ess_min_per_s_cached": 5.3, "max_rhat": 1.5088, "num_divergences": 0, "leapfrog_steps": 0, "mean_accept_prob": 0.231}
== pyroxide eight_schools mh (warmup 10000, samples 20000)
{"lib": "pyroxide", "model": "eight_schools", "algo": "mh", "warmup": 10000, "samples": 20000, "chains": 1, "seed": 0, "time_s": 0.0164, "ess_min": 382.1, "ess_mean": 552.7, "ess_min_per_s": 23337.8, "max_rhat": 1.0092, "num_divergences": 0, "leapfrog_steps": 0, "mean_accept_prob": 0.220}
{"lib": "pyroxide", "model": "eight_schools", "algo": "mh", "warmup": 10000, "samples": 20000, "chains": 1, "seed": 1, "time_s": 0.0138, "ess_min": 511.3, "ess_mean": 629.7, "ess_min_per_s": 37062.6, "max_rhat": 1.0056, "num_divergences": 0, "leapfrog_steps": 0, "mean_accept_prob": 0.256}
{"lib": "pyroxide", "model": "eight_schools", "algo": "mh", "warmup": 10000, "samples": 20000, "chains": 1, "seed": 2, "time_s": 0.0144, "ess_min": 388.8, "ess_mean": 584.1, "ess_min_per_s": 26960.3, "max_rhat": 1.0025, "num_divergences": 0, "leapfrog_steps": 0, "mean_accept_prob": 0.213}
== numpyro eight_schools mh
{"lib": "numpyro", "model": "eight_schools", "algo": "mh", "warmup": 10000, "samples": 20000, "chains": 1, "seed": 0, "time_s": 1.7709, "time_s_cached": 0.4356, "ess_min": 419.0, "ess_mean": 565.7, "ess_min_per_s": 236.6, "ess_min_per_s_cached": 961.9, "max_rhat": 1.0032, "num_divergences": 0, "leapfrog_steps": 0, "mean_accept_prob": 0.215}
{"lib": "numpyro", "model": "eight_schools", "algo": "mh", "warmup": 10000, "samples": 20000, "chains": 1, "seed": 1, "time_s": 0.4242, "time_s_cached": 0.4405, "ess_min": 54.3, "ess_mean": 444.8, "ess_min_per_s": 128.0, "ess_min_per_s_cached": 123.2, "max_rhat": 1.0217, "num_divergences": 0, "leapfrog_steps": 0, "mean_accept_prob": 0.225}
{"lib": "numpyro", "model": "eight_schools", "algo": "mh", "warmup": 10000, "samples": 20000, "chains": 1, "seed": 2, "time_s": 0.4485, "time_s_cached": 0.4309, "ess_min": 467.5, "ess_mean": 590.9, "ess_min_per_s": 1042.4, "ess_min_per_s_cached": 1084.8, "max_rhat": 1.0031, "num_divergences": 0, "leapfrog_steps": 0, "mean_accept_prob": 0.232}
== pyroxide funnel mh (warmup 10000, samples 20000)
{"lib": "pyroxide", "model": "funnel", "algo": "mh", "warmup": 10000, "samples": 20000, "chains": 1, "seed": 0, "time_s": 0.0118, "ess_min": 536.8, "ess_mean": 890.9, "ess_min_per_s": 45588.3, "max_rhat": 1.0072, "num_divergences": 0, "leapfrog_steps": 0, "mean_accept_prob": 0.197}
{"lib": "pyroxide", "model": "funnel", "algo": "mh", "warmup": 10000, "samples": 20000, "chains": 1, "seed": 1, "time_s": 0.0104, "ess_min": 473.3, "ess_mean": 921.8, "ess_min_per_s": 45645.1, "max_rhat": 1.0026, "num_divergences": 0, "leapfrog_steps": 0, "mean_accept_prob": 0.208}
{"lib": "pyroxide", "model": "funnel", "algo": "mh", "warmup": 10000, "samples": 20000, "chains": 1, "seed": 2, "time_s": 0.0101, "ess_min": 483.8, "ess_mean": 982.3, "ess_min_per_s": 47816.5, "max_rhat": 1.0038, "num_divergences": 0, "leapfrog_steps": 0, "mean_accept_prob": 0.195}
== numpyro funnel mh
{"lib": "numpyro", "model": "funnel", "algo": "mh", "warmup": 10000, "samples": 20000, "chains": 1, "seed": 0, "time_s": 1.5046, "time_s_cached": 0.4114, "ess_min": 488.0, "ess_mean": 917.4, "ess_min_per_s": 324.4, "ess_min_per_s_cached": 1186.1, "max_rhat": 1.0016, "num_divergences": 0, "leapfrog_steps": 0, "mean_accept_prob": 0.227}
{"lib": "numpyro", "model": "funnel", "algo": "mh", "warmup": 10000, "samples": 20000, "chains": 1, "seed": 1, "time_s": 0.4153, "time_s_cached": 0.4111, "ess_min": 495.3, "ess_mean": 1165.9, "ess_min_per_s": 1192.4, "ess_min_per_s_cached": 1204.6, "max_rhat": 1.0059, "num_divergences": 0, "leapfrog_steps": 0, "mean_accept_prob": 0.236}
{"lib": "numpyro", "model": "funnel", "algo": "mh", "warmup": 10000, "samples": 20000, "chains": 1, "seed": 2, "time_s": 0.421, "time_s_cached": 0.4017, "ess_min": 468.8, "ess_mean": 984.3, "ess_min_per_s": 1113.4, "ess_min_per_s_cached": 1167.1, "max_rhat": 1.0069, "num_divergences": 0, "leapfrog_steps": 0, "mean_accept_prob": 0.231}
== pyroxide baseball mh (warmup 10000, samples 20000)
{"lib": "pyroxide", "model": "baseball", "algo": "mh", "warmup": 10000, "samples": 20000, "chains": 1, "seed": 0, "time_s": 0.0331, "ess_min": 25.7, "ess_mean": 131.3, "ess_min_per_s": 775.6, "max_rhat": 1.0253, "num_divergences": 0, "leapfrog_steps": 0, "mean_accept_prob": 0.225}
{"lib": "pyroxide", "model": "baseball", "algo": "mh", "warmup": 10000, "samples": 20000, "chains": 1, "seed": 1, "time_s": 0.0320, "ess_min": 10.9, "ess_mean": 116.0, "ess_min_per_s": 341.8, "max_rhat": 1.0230, "num_divergences": 0, "leapfrog_steps": 0, "mean_accept_prob": 0.266}
{"lib": "pyroxide", "model": "baseball", "algo": "mh", "warmup": 10000, "samples": 20000, "chains": 1, "seed": 2, "time_s": 0.0325, "ess_min": 9.0, "ess_mean": 163.7, "ess_min_per_s": 277.9, "max_rhat": 1.0183, "num_divergences": 0, "leapfrog_steps": 0, "mean_accept_prob": 0.185}
== numpyro baseball mh
{"lib": "numpyro", "model": "baseball", "algo": "mh", "warmup": 10000, "samples": 20000, "chains": 1, "seed": 0, "time_s": 2.4697, "time_s_cached": 0.4993, "ess_min": 7.5, "ess_mean": 63.7, "ess_min_per_s": 3.0, "ess_min_per_s_cached": 15.0, "max_rhat": 1.0625, "num_divergences": 0, "leapfrog_steps": 0, "mean_accept_prob": 0.222}
{"lib": "numpyro", "model": "baseball", "algo": "mh", "warmup": 10000, "samples": 20000, "chains": 1, "seed": 1, "time_s": 0.5021, "time_s_cached": 0.5192, "ess_min": 58.3, "ess_mean": 152.7, "ess_min_per_s": 116.2, "ess_min_per_s_cached": 112.3, "max_rhat": 1.0413, "num_divergences": 0, "leapfrog_steps": 0, "mean_accept_prob": 0.254}
{"lib": "numpyro", "model": "baseball", "algo": "mh", "warmup": 10000, "samples": 20000, "chains": 1, "seed": 2, "time_s": 0.5008, "time_s_cached": 0.5029, "ess_min": 19.2, "ess_mean": 93.0, "ess_min_per_s": 38.4, "ess_min_per_s_cached": 38.2, "max_rhat": 1.1385, "num_divergences": 0, "leapfrog_steps": 0, "mean_accept_prob": 0.156}
== pyroxide logreg mh (warmup 10000, samples 20000)
{"lib": "pyroxide", "model": "logreg", "algo": "mh", "warmup": 10000, "samples": 20000, "chains": 1, "seed": 0, "time_s": 0.4273, "ess_min": 1031.1, "ess_mean": 1086.5, "ess_min_per_s": 2412.9, "max_rhat": 1.0016, "num_divergences": 0, "leapfrog_steps": 0, "mean_accept_prob": 0.227}
{"lib": "pyroxide", "model": "logreg", "algo": "mh", "warmup": 10000, "samples": 20000, "chains": 1, "seed": 1, "time_s": 0.4272, "ess_min": 1001.9, "ess_mean": 1138.8, "ess_min_per_s": 2345.0, "max_rhat": 1.0006, "num_divergences": 0, "leapfrog_steps": 0, "mean_accept_prob": 0.211}
{"lib": "pyroxide", "model": "logreg", "algo": "mh", "warmup": 10000, "samples": 20000, "chains": 1, "seed": 2, "time_s": 0.4310, "ess_min": 1093.1, "ess_mean": 1163.1, "ess_min_per_s": 2536.4, "max_rhat": 1.0008, "num_divergences": 0, "leapfrog_steps": 0, "mean_accept_prob": 0.223}
== numpyro logreg mh
{"lib": "numpyro", "model": "logreg", "algo": "mh", "warmup": 10000, "samples": 20000, "chains": 1, "seed": 0, "time_s": 1.9905, "time_s_cached": 0.7274, "ess_min": 988.8, "ess_mean": 1147.3, "ess_min_per_s": 496.8, "ess_min_per_s_cached": 1359.4, "max_rhat": 1.0012, "num_divergences": 0, "leapfrog_steps": 0, "mean_accept_prob": 0.23}
{"lib": "numpyro", "model": "logreg", "algo": "mh", "warmup": 10000, "samples": 20000, "chains": 1, "seed": 1, "time_s": 0.7224, "time_s_cached": 0.7179, "ess_min": 806.2, "ess_mean": 1127.2, "ess_min_per_s": 1116.0, "ess_min_per_s_cached": 1122.9, "max_rhat": 1.0013, "num_divergences": 0, "leapfrog_steps": 0, "mean_accept_prob": 0.245}
{"lib": "numpyro", "model": "logreg", "algo": "mh", "warmup": 10000, "samples": 20000, "chains": 1, "seed": 2, "time_s": 0.7206, "time_s_cached": 0.7052, "ess_min": 826.6, "ess_mean": 1167.7, "ess_min_per_s": 1147.0, "ess_min_per_s_cached": 1172.1, "max_rhat": 1.0036, "num_divergences": 0, "leapfrog_steps": 0, "mean_accept_prob": 0.245}
== pyroxide hier mh (warmup 10000, samples 20000)
{"lib": "pyroxide", "model": "hier", "algo": "mh", "warmup": 10000, "samples": 20000, "chains": 1, "seed": 0, "time_s": 0.4343, "ess_min": 3.3, "ess_mean": 18.7, "ess_min_per_s": 7.6, "max_rhat": 2.2522, "num_divergences": 0, "leapfrog_steps": 0, "mean_accept_prob": 0.111}
{"lib": "pyroxide", "model": "hier", "algo": "mh", "warmup": 10000, "samples": 20000, "chains": 1, "seed": 1, "time_s": 0.4279, "ess_min": 3.6, "ess_mean": 23.1, "ess_min_per_s": 8.5, "max_rhat": 2.0477, "num_divergences": 0, "leapfrog_steps": 0, "mean_accept_prob": 0.129}
{"lib": "pyroxide", "model": "hier", "algo": "mh", "warmup": 10000, "samples": 20000, "chains": 1, "seed": 2, "time_s": 0.4284, "ess_min": 3.5, "ess_mean": 20.8, "ess_min_per_s": 8.3, "max_rhat": 2.1358, "num_divergences": 0, "leapfrog_steps": 0, "mean_accept_prob": 0.087}
== numpyro hier mh
{"lib": "numpyro", "model": "hier", "algo": "mh", "warmup": 10000, "samples": 20000, "chains": 1, "seed": 0, "time_s": 3.7196, "time_s_cached": 1.571, "ess_min": 3.1, "ess_mean": 19.2, "ess_min_per_s": 0.8, "ess_min_per_s_cached": 2.0, "max_rhat": 2.4191, "num_divergences": 0, "leapfrog_steps": 0, "mean_accept_prob": 0.227}
{"lib": "numpyro", "model": "hier", "algo": "mh", "warmup": 10000, "samples": 20000, "chains": 1, "seed": 1, "time_s": 1.5381, "time_s_cached": 1.5387, "ess_min": 3.8, "ess_mean": 35.4, "ess_min_per_s": 2.5, "ess_min_per_s_cached": 2.5, "max_rhat": 2.0046, "num_divergences": 0, "leapfrog_steps": 0, "mean_accept_prob": 0.209}
{"lib": "numpyro", "model": "hier", "algo": "mh", "warmup": 10000, "samples": 20000, "chains": 1, "seed": 2, "time_s": 1.5251, "time_s_cached": 1.5324, "ess_min": 4.2, "ess_mean": 23.5, "ess_min_per_s": 2.7, "ess_min_per_s_cached": 2.7, "max_rhat": 1.8318, "num_divergences": 0, "leapfrog_steps": 0, "mean_accept_prob": 0.23}
# Benchmarks: pyroxide vs numpyro

Machine: Apple M4 Max, Darwin 25.5.0. Single chain, CPU, float64 in both libraries.

`time` is wall-clock for warmup + sampling, median over repeats. numpyro `time` includes XLA compilation of the
sampler for that model; `cached` is a second run reusing the compiled program. `ESS/s` uses the minimum effective
sample size over all parameters divided by the (uncached) wall time.

| model | algo | warmup/samples | pyroxide time (s) | numpyro time (s) | numpyro cached (s) | speedup vs numpyro | speedup vs cached | pyroxide min ESS | numpyro min ESS | pyroxide ESS/s | numpyro ESS/s |
|---|---|---|---:|---:|---:|---:|---:|---:|---:|---:|---:|
| baseball | nuts | 1000/1000 | 0.045 | 1.207 | 0.708 | 27.0x | 15.8x | 51 | 65 | 834 | 38 |
| eight_schools | nuts | 1000/1000 | 0.016 | 0.627 | 0.620 | 39.2x | 38.7x | 747 | 633 | 42454 | 971 |
| funnel | nuts | 1000/1000 | 0.008 | 0.535 | 0.531 | 67.7x | 67.2x | 539 | 443 | 69066 | 730 |
| gauss | nuts | 1000/1000 | 0.045 | 0.475 | 0.470 | 10.6x | 10.5x | 833 | 892 | 18578 | 1685 |
| hier | nuts | 1000/1000 | 0.811 | 1.207 | 1.157 | 1.5x | 1.4x | 758 | 786 | 942 | 651 |
| logreg | nuts | 1000/1000 | 0.423 | 0.640 | 0.622 | 1.5x | 1.5x | 291 | 246 | 644 | 296 |
| baseball | hmc | 1000/1000 | 0.138 | 0.387 | 0.386 | 2.8x | 2.8x | 29 | 40 | 220 | 27 |
| eight_schools | hmc | 1000/1000 | 0.036 | 0.324 | 0.312 | 8.9x | 8.6x | 17 | 29 | 447 | 69 |
| funnel | hmc | 1000/1000 | 0.008 | 0.267 | 0.266 | 34.3x | 34.1x | 5 | 6 | 543 | 20 |
| gauss | hmc | 1000/1000 | 0.033 | 0.294 | 0.274 | 8.9x | 8.3x | 3 | 3 | 108 | 7 |
| hier | hmc | 1000/1000 | 6.939 | 1.217 | 1.194 | 0.2x | 0.2x | 3 | 3 | 1 | 3 |
| logreg | hmc | 1000/1000 | 1.069 | 0.655 | 0.640 | 0.6x | 0.6x | 1101 | 19 | 1102 | 30 |
| baseball | mh | 10000/20000 | 0.033 | 0.502 | 0.503 | 15.4x | 15.5x | 11 | 19 | 342 | 38 |
| eight_schools | mh | 10000/20000 | 0.014 | 0.449 | 0.436 | 31.1x | 30.2x | 389 | 419 | 26960 | 237 |
| funnel | mh | 10000/20000 | 0.010 | 0.421 | 0.411 | 40.5x | 39.5x | 484 | 488 | 45645 | 1113 |
| gauss | mh | 10000/20000 | 0.079 | 1.268 | 1.239 | 16.1x | 15.8x | 5 | 7 | 68 | 5 |
| hier | mh | 10000/20000 | 0.428 | 1.538 | 1.539 | 3.6x | 3.6x | 4 | 4 | 8 | 2 |
| logreg | mh | 10000/20000 | 0.427 | 0.722 | 0.718 | 1.7x | 1.7x | 1031 | 827 | 2413 | 1116 |

## Sampler diagnostics (median over repeats)

| model | algo | lib | leapfrog steps | mean accept | divergences | max R-hat |
|---|---|---|---:|---:|---:|---:|
| baseball | nuts | pyroxide | 13291 | 0.838 | 2 | 1.011 |
| baseball | nuts | numpyro | 12289 | 0.785 | 14 | 1.002 |
| eight_schools | nuts | pyroxide | 6892 | 0.850 | 0 | 1.002 |
| eight_schools | nuts | numpyro | 7698 | 0.875 | 0 | 1.004 |
| funnel | nuts | pyroxide | 6744 | 0.903 | 0 | 1.006 |
| funnel | nuts | numpyro | 6568 | 0.886 | 0 | 1.005 |
| gauss | nuts | pyroxide | 7000 | 0.847 | 0 | 1.003 |
| gauss | nuts | numpyro | 7000 | 0.844 | 0 | 1.005 |
| hier | nuts | pyroxide | 7432 | 0.842 | 0 | 1.006 |
| hier | nuts | numpyro | 16424 | 0.857 | 0 | 1.005 |
| logreg | nuts | pyroxide | 7644 | 0.908 | 0 | 1.001 |
| logreg | nuts | numpyro | 7836 | 0.920 | 0 | 1.008 |
| baseball | hmc | pyroxide | 41000 | 0.905 | 3 | 1.026 |
| baseball | hmc | numpyro | 28000 | 0.787 | 6 | 1.135 |
| eight_schools | hmc | pyroxide | 23000 | 0.953 | 0 | 1.028 |
| eight_schools | hmc | numpyro | 19000 | 0.917 | 0 | 1.040 |
| funnel | hmc | pyroxide | 9000 | 0.920 | 0 | 1.665 |
| funnel | hmc | numpyro | 9000 | 0.919 | 0 | 1.404 |
| gauss | hmc | pyroxide | 13000 | 0.899 | 0 | 2.283 |
| gauss | hmc | numpyro | 14000 | 0.915 | 0 | 2.438 |
| hier | hmc | pyroxide | 15000 | 0.895 | 0 | 2.417 |
| hier | hmc | numpyro | 14000 | 0.878 | 0 | 2.217 |
| logreg | hmc | pyroxide | 17000 | 0.939 | 0 | 1.000 |
| logreg | hmc | numpyro | 14000 | 0.934 | 0 | 1.172 |
| baseball | mh | pyroxide | 0 | 0.225 | 0 | 1.023 |
| baseball | mh | numpyro | 0 | 0.222 | 0 | 1.062 |
| eight_schools | mh | pyroxide | 0 | 0.220 | 0 | 1.006 |
| eight_schools | mh | numpyro | 0 | 0.225 | 0 | 1.003 |
| funnel | mh | pyroxide | 0 | 0.197 | 0 | 1.004 |
| funnel | mh | numpyro | 0 | 0.231 | 0 | 1.006 |
| gauss | mh | pyroxide | 0 | 0.163 | 0 | 1.589 |
| gauss | mh | numpyro | 0 | 0.227 | 0 | 1.509 |
| hier | mh | pyroxide | 0 | 0.111 | 0 | 2.136 |
| hier | mh | numpyro | 0 | 0.227 | 0 | 2.005 |
| logreg | mh | pyroxide | 0 | 0.223 | 0 | 1.001 |
| logreg | mh | numpyro | 0 | 0.245 | 0 | 1.001 |

exit 0
